<?xml version="1.0" encoding="utf-8"?>
<TestRun id="83dcbd84-1952-4738-bad0-f23bcd6ac283" name="joaod@DESKTOP-1MEPQV3 2025-12-11 00:20:40" runUser="DESKTOP-1MEPQV3\joaod" xmlns="http://microsoft.com/schemas/VisualStudio/TeamTest/2010">
  <Times creation="2025-12-11T00:20:40.6773903-03:00" queuing="2025-12-11T00:20:40.6773911-03:00" start="2025-12-11T00:20:37.1894855-03:00" finish="2025-12-11T00:20:40.7692645-03:00" />
  <TestSettings name="default" id="069e7421-1127-475e-b05f-014bc9d73fe6">
    <Deployment runDeploymentRoot="joaod_DESKTOP-1MEPQV3_2025-12-11_00_20_40" />
  </TestSettings>
  <Results>
    <UnitTestResult executionId="3a40ca34-446b-4e47-bc7c-31fcb5234e67" testId="6d725b90-e666-673d-365d-9b9949f3cafa" testName="Deve apresentar erro interno quando ocorrer exceção genérica" computerName="DESKTOP-1MEPQV3" duration="00:00:00.0268015" startTime="2025-12-11T00:20:40.1136359-03:00" endTime="2025-12-11T00:20:40.1136367-03:00" testType="13cdc9d9-ddb5-4fa4-a97d-d965ccfc6d4b" outcome="Passed" testListId="8c84fa94-04c1-424b-9868-57a2d4851a1d" relativeResultsDirectory="3a40ca34-446b-4e47-bc7c-31fcb5234e67" />
    <UnitTestResult executionId="2ca6eb06-ef75-4fcf-b56a-51452a3e4b36" testId="197b439e-c532-f0ef-88e5-182add7fe3b8" testName="Deve atualizar veículo com sucesso quando veículo existir e ator for administrador" computerName="DESKTOP-1MEPQV3" duration="00:00:00.2468280" startTime="2025-12-11T00:20:40.0507242-03:00" endTime="2025-12-11T00:20:40.0507253-03:00" testType="13cdc9d9-ddb5-4fa4-a97d-d965ccfc6d4b" outcome="Passed" testListId="8c84fa94-04c1-424b-9868-57a2d4851a1d" relativeResultsDirectory="2ca6eb06-ef75-4fcf-b56a-51452a3e4b36" />
    <UnitTestResult executionId="e53fb03b-6846-4a4c-ab80-9b4f6bb3c1b7" testId="d2d0901b-010b-73fe-17d6-4ffc05620ce5" testName="Deve atualizar veículo com sucesso quando cliente for dono do veículo" computerName="DESKTOP-1MEPQV3" duration="00:00:00.0173439" startTime="2025-12-11T00:20:40.2249768-03:00" endTime="2025-12-11T00:20:40.2249769-03:00" testType="13cdc9d9-ddb5-4fa4-a97d-d965ccfc6d4b" outcome="Passed" testListId="8c84fa94-04c1-424b-9868-57a2d4851a1d" relativeResultsDirectory="e53fb03b-6846-4a4c-ab80-9b4f6bb3c1b7" />
    <UnitTestResult executionId="7d7e986c-ba7b-4346-ae8b-01698e80114e" testId="0ee00c79-8ee8-5ed4-ac0a-6546e2b5afaf" testName="Deve apresentar erro quando cliente tentar atualizar veículo de outro cliente" computerName="DESKTOP-1MEPQV3" duration="00:00:00.0331269" startTime="2025-12-11T00:20:40.2580248-03:00" endTime="2025-12-11T00:20:40.2580262-03:00" testType="13cdc9d9-ddb5-4fa4-a97d-d965ccfc6d4b" outcome="Passed" testListId="8c84fa94-04c1-424b-9868-57a2d4851a1d" relativeResultsDirectory="7d7e986c-ba7b-4346-ae8b-01698e80114e" />
    <UnitTestResult executionId="e04448d6-c602-4821-94e9-69ad7b33aa49" testId="0d542148-73f2-3401-cefd-5782bb4c6255" testName="Deve logar error quando Exception genérica for lançada" computerName="DESKTOP-1MEPQV3" duration="00:00:00.0652276" startTime="2025-12-11T00:20:40.2244032-03:00" endTime="2025-12-11T00:20:40.2244039-03:00" testType="13cdc9d9-ddb5-4fa4-a97d-d965ccfc6d4b" outcome="Failed" testListId="8c84fa94-04c1-424b-9868-57a2d4851a1d" relativeResultsDirectory="e04448d6-c602-4821-94e9-69ad7b33aa49">
      <Output>
        <ErrorInfo>
          <Message>Moq.MockException : &#xD;
Expected invocation on the mock at least once, but was never performed: x =&gt; x.LogError(It.IsAny&lt;Exception&gt;(), It.IsAny&lt;string&gt;(), It.IsAny&lt;object[]&gt;())&#xD;
&#xD;
Performed invocations:&#xD;
&#xD;
   Mock&lt;IAppLogger:19&gt; (x):&#xD;
&#xD;
      IAppLogger.ComPropriedade("UseCase", "AtualizarVeiculoUseCase")  =&gt; Mock&lt;IAppLogger:20&gt;&#xD;
&#xD;
   Mock&lt;IAppLogger:20&gt;:&#xD;
&#xD;
      IAppLogger.ComPropriedade("UsuarioId", 04ece020-8b81-49a0-a93a-4bc2fc31c005)  =&gt; Mock&lt;IAppLogger:21&gt;&#xD;
&#xD;
   Mock&lt;IAppLogger:21&gt;:&#xD;
&#xD;
      IAppLogger.ComPropriedade("ClienteId", null)  =&gt; Mock&lt;IAppLogger:22&gt;&#xD;
&#xD;
   Mock&lt;IAppLogger:22&gt;:&#xD;
&#xD;
      IAppLogger.ComPropriedade("UsuarioRoles", ["Administrador"])  =&gt; Mock&lt;IAppLogger:23&gt;&#xD;
&#xD;
   Mock&lt;IAppLogger:23&gt;:&#xD;
&#xD;
      IAppLogger.LogError(System.Exception: Falha inesperada&#xD;
   at Application.Cadastros.UseCases.AtualizarVeiculoUseCase.ExecutarAsync(Ator ator, Guid id, String modelo, String marca, String cor, Int32 ano, TipoVeiculoEnum tipoVeiculo, IVeiculoGateway gateway, IAtualizarVeiculoPresenter presenter, IAppLogger logger) in C:\Repositorios\fiap-12soat-projeto-fase-3-aplicacao\src\Application\Cadastros\UseCases\Veiculo\AtualizarVeiculoUseCase.cs:line 27, "Erro interno do servidor.", [])&#xD;
</Message>
          <StackTrace>   at Moq.Mock.Verify(Mock mock, LambdaExpression expression, Times times, String failMessage) in /_/src/Moq/Mock.cs:line 332&#xD;
   at Moq.Mock`1.Verify(Expression`1 expression, Times times) in /_/src/Moq/Mock`1.cs:line 727&#xD;
   at Moq.Mock`1.Verify(Expression`1 expression, Func`1 times) in /_/src/Moq/Mock`1.cs:line 741&#xD;
   at Tests.Application.SharedHelpers.MockLogger.DeveTerLogadoErrorComException() in C:\Repositorios\fiap-12soat-projeto-fase-3-aplicacao\src\Tests\Application\SharedHelpers\MockLogger.cs:line 53&#xD;
   at Tests.Application.Cadastros.Veiculo.AtualizarVeiculoUseCaseTest.ExecutarAsync_DeveLogarError_QuandoExceptionGenericaForLancada() in C:\Repositorios\fiap-12soat-projeto-fase-3-aplicacao\src\Tests\Application\Cadastros\Veiculo\AtualizarVeiculoUseCaseTest.cs:line 186&#xD;
--- End of stack trace from previous location ---</StackTrace>
        </ErrorInfo>
      </Output>
    </UnitTestResult>
    <UnitTestResult executionId="199d1cd7-a271-4d29-80cd-a48c03d62a4c" testId="6c04e57d-7819-a24d-24df-5bb2f408afd1" testName="Deve logar information quando DomainException for lançada" computerName="DESKTOP-1MEPQV3" duration="00:00:00.0749769" startTime="2025-12-11T00:20:40.3445813-03:00" endTime="2025-12-11T00:20:40.3445820-03:00" testType="13cdc9d9-ddb5-4fa4-a97d-d965ccfc6d4b" outcome="Failed" testListId="8c84fa94-04c1-424b-9868-57a2d4851a1d" relativeResultsDirectory="199d1cd7-a271-4d29-80cd-a48c03d62a4c">
      <Output>
        <ErrorInfo>
          <Message>Moq.MockException : &#xD;
Expected invocation on the mock at least once, but was never performed: x =&gt; x.LogInformation(It.IsAny&lt;string&gt;(), It.IsAny&lt;object[]&gt;())&#xD;
&#xD;
Performed invocations:&#xD;
&#xD;
   Mock&lt;IAppLogger:31&gt; (x):&#xD;
&#xD;
      IAppLogger.ComPropriedade("UseCase", "AtualizarVeiculoUseCase")  =&gt; Mock&lt;IAppLogger:32&gt;&#xD;
&#xD;
   Mock&lt;IAppLogger:32&gt;:&#xD;
&#xD;
      IAppLogger.ComPropriedade("UsuarioId", a813e4f4-bda3-482e-8808-698a0e9de0f4)  =&gt; Mock&lt;IAppLogger:33&gt;&#xD;
&#xD;
   Mock&lt;IAppLogger:33&gt;:&#xD;
&#xD;
      IAppLogger.ComPropriedade("ClienteId", null)  =&gt; Mock&lt;IAppLogger:34&gt;&#xD;
&#xD;
   Mock&lt;IAppLogger:34&gt;:&#xD;
&#xD;
      IAppLogger.ComPropriedade("UsuarioRoles", ["Administrador"])  =&gt; Mock&lt;IAppLogger:35&gt;&#xD;
&#xD;
   Mock&lt;IAppLogger:35&gt;:&#xD;
&#xD;
      IAppLogger.ComPropriedade("DomainErrorType", ErrorType.DomainRuleBroken)  =&gt; Mock&lt;IAppLogger:36&gt;&#xD;
&#xD;
   Mock&lt;IAppLogger:36&gt;:&#xD;
&#xD;
      IAppLogger.LogInformation("Erro de domínio", [])&#xD;
</Message>
          <StackTrace>   at Moq.Mock.Verify(Mock mock, LambdaExpression expression, Times times, String failMessage) in /_/src/Moq/Mock.cs:line 332&#xD;
   at Moq.Mock`1.Verify(Expression`1 expression, Times times) in /_/src/Moq/Mock`1.cs:line 727&#xD;
   at Moq.Mock`1.Verify(Expression`1 expression, Func`1 times) in /_/src/Moq/Mock`1.cs:line 741&#xD;
   at Tests.Application.SharedHelpers.MockLogger.DeveTerLogadoInformation() in C:\Repositorios\fiap-12soat-projeto-fase-3-aplicacao\src\Tests\Application\SharedHelpers\MockLogger.cs:line 38&#xD;
   at Tests.Application.Cadastros.Veiculo.AtualizarVeiculoUseCaseTest.ExecutarAsync_DeveLogarInformation_QuandoDomainExceptionForLancada() in C:\Repositorios\fiap-12soat-projeto-fase-3-aplicacao\src\Tests\Application\Cadastros\Veiculo\AtualizarVeiculoUseCaseTest.cs:line 165&#xD;
--- End of stack trace from previous location ---</StackTrace>
        </ErrorInfo>
      </Output>
    </UnitTestResult>
    <UnitTestResult executionId="140ce5fc-1499-4c10-a3fd-6c098fe9ed4a" testId="f98140e6-30b2-aaec-f863-7446febf5197" testName="Deve apresentar erro quando veículo não existir" computerName="DESKTOP-1MEPQV3" duration="00:00:00.2571472" startTime="2025-12-11T00:20:39.8044003-03:00" endTime="2025-12-11T00:20:39.8044456-03:00" testType="13cdc9d9-ddb5-4fa4-a97d-d965ccfc6d4b" outcome="Passed" testListId="8c84fa94-04c1-424b-9868-57a2d4851a1d" relativeResultsDirectory="140ce5fc-1499-4c10-a3fd-6c098fe9ed4a" />
    <UnitTestResult executionId="5bac3b4c-4a12-42f9-a865-4d6984c61e23" testId="3fd5b5ee-0a07-bd55-98dc-97ab93a51549" testName="Deve apresentar erro de domínio quando ocorrer DomainException" computerName="DESKTOP-1MEPQV3" duration="00:00:00.0357977" startTime="2025-12-11T00:20:40.0867631-03:00" endTime="2025-12-11T00:20:40.0867646-03:00" testType="13cdc9d9-ddb5-4fa4-a97d-d965ccfc6d4b" outcome="Passed" testListId="8c84fa94-04c1-424b-9868-57a2d4851a1d" relativeResultsDirectory="5bac3b4c-4a12-42f9-a865-4d6984c61e23" />
  </Results>
  <TestDefinitions>
    <UnitTest name="Deve atualizar veículo com sucesso quando cliente for dono do veículo" storage="c:\repositorios\fiap-12soat-projeto-fase-3-aplicacao\src\tests\bin\debug\net9.0\tests.dll" id="d2d0901b-010b-73fe-17d6-4ffc05620ce5">
      <Execution id="e53fb03b-6846-4a4c-ab80-9b4f6bb3c1b7" />
      <TestMethod codeBase="C:\Repositorios\fiap-12soat-projeto-fase-3-aplicacao\src\Tests\bin\Debug\net9.0\Tests.dll" adapterTypeName="executor://xunit/VsTestRunner2/netcoreapp" className="Tests.Application.Cadastros.Veiculo.AtualizarVeiculoUseCaseTest" name="ExecutarAsync_DeveAtualizarVeiculoComSucesso_QuandoClienteForDonoDoVeiculo" />
    </UnitTest>
    <UnitTest name="Deve apresentar erro de domínio quando ocorrer DomainException" storage="c:\repositorios\fiap-12soat-projeto-fase-3-aplicacao\src\tests\bin\debug\net9.0\tests.dll" id="3fd5b5ee-0a07-bd55-98dc-97ab93a51549">
      <Execution id="5bac3b4c-4a12-42f9-a865-4d6984c61e23" />
      <TestMethod codeBase="C:\Repositorios\fiap-12soat-projeto-fase-3-aplicacao\src\Tests\bin\Debug\net9.0\Tests.dll" adapterTypeName="executor://xunit/VsTestRunner2/netcoreapp" className="Tests.Application.Cadastros.Veiculo.AtualizarVeiculoUseCaseTest" name="ExecutarAsync_DeveApresentarErroDominio_QuandoOcorrerDomainException" />
    </UnitTest>
    <UnitTest name="Deve logar information quando DomainException for lançada" storage="c:\repositorios\fiap-12soat-projeto-fase-3-aplicacao\src\tests\bin\debug\net9.0\tests.dll" id="6c04e57d-7819-a24d-24df-5bb2f408afd1">
      <Execution id="199d1cd7-a271-4d29-80cd-a48c03d62a4c" />
      <TestMethod codeBase="C:\Repositorios\fiap-12soat-projeto-fase-3-aplicacao\src\Tests\bin\Debug\net9.0\Tests.dll" adapterTypeName="executor://xunit/VsTestRunner2/netcoreapp" className="Tests.Application.Cadastros.Veiculo.AtualizarVeiculoUseCaseTest" name="ExecutarAsync_DeveLogarInformation_QuandoDomainExceptionForLancada" />
    </UnitTest>
    <UnitTest name="Deve atualizar veículo com sucesso quando veículo existir e ator for administrador" storage="c:\repositorios\fiap-12soat-projeto-fase-3-aplicacao\src\tests\bin\debug\net9.0\tests.dll" id="197b439e-c532-f0ef-88e5-182add7fe3b8">
      <Execution id="2ca6eb06-ef75-4fcf-b56a-51452a3e4b36" />
      <TestMethod codeBase="C:\Repositorios\fiap-12soat-projeto-fase-3-aplicacao\src\Tests\bin\Debug\net9.0\Tests.dll" adapterTypeName="executor://xunit/VsTestRunner2/netcoreapp" className="Tests.Application.Cadastros.Veiculo.AtualizarVeiculoUseCaseTest" name="ExecutarAsync_DeveAtualizarVeiculoComSucesso_QuandoVeiculoExistirEAtorForAdministrador" />
    </UnitTest>
    <UnitTest name="Deve apresentar erro interno quando ocorrer exceção genérica" storage="c:\repositorios\fiap-12soat-projeto-fase-3-aplicacao\src\tests\bin\debug\net9.0\tests.dll" id="6d725b90-e666-673d-365d-9b9949f3cafa">
      <Execution id="3a40ca34-446b-4e47-bc7c-31fcb5234e67" />
      <TestMethod codeBase="C:\Repositorios\fiap-12soat-projeto-fase-3-aplicacao\src\Tests\bin\Debug\net9.0\Tests.dll" adapterTypeName="executor://xunit/VsTestRunner2/netcoreapp" className="Tests.Application.Cadastros.Veiculo.AtualizarVeiculoUseCaseTest" name="ExecutarAsync_DeveApresentarErroInterno_QuandoOcorrerExcecaoGenerica" />
    </UnitTest>
    <UnitTest name="Deve apresentar erro quando cliente tentar atualizar veículo de outro cliente" storage="c:\repositorios\fiap-12soat-projeto-fase-3-aplicacao\src\tests\bin\debug\net9.0\tests.dll" id="0ee00c79-8ee8-5ed4-ac0a-6546e2b5afaf">
      <Execution id="7d7e986c-ba7b-4346-ae8b-01698e80114e" />
      <TestMethod codeBase="C:\Repositorios\fiap-12soat-projeto-fase-3-aplicacao\src\Tests\bin\Debug\net9.0\Tests.dll" adapterTypeName="executor://xunit/VsTestRunner2/netcoreapp" className="Tests.Application.Cadastros.Veiculo.AtualizarVeiculoUseCaseTest" name="ExecutarAsync_DeveApresentarErro_QuandoClienteTentarAtualizarVeiculoDeOutroCliente" />
    </UnitTest>
    <UnitTest name="Deve logar error quando Exception genérica for lançada" storage="c:\repositorios\fiap-12soat-projeto-fase-3-aplicacao\src\tests\bin\debug\net9.0\tests.dll" id="0d542148-73f2-3401-cefd-5782bb4c6255">
      <Execution id="e04448d6-c602-4821-94e9-69ad7b33aa49" />
      <TestMethod codeBase="C:\Repositorios\fiap-12soat-projeto-fase-3-aplicacao\src\Tests\bin\Debug\net9.0\Tests.dll" adapterTypeName="executor://xunit/VsTestRunner2/netcoreapp" className="Tests.Application.Cadastros.Veiculo.AtualizarVeiculoUseCaseTest" name="ExecutarAsync_DeveLogarError_QuandoExceptionGenericaForLancada" />
    </UnitTest>
    <UnitTest name="Deve apresentar erro quando veículo não existir" storage="c:\repositorios\fiap-12soat-projeto-fase-3-aplicacao\src\tests\bin\debug\net9.0\tests.dll" id="f98140e6-30b2-aaec-f863-7446febf5197">
      <Execution id="140ce5fc-1499-4c10-a3fd-6c098fe9ed4a" />
      <TestMethod codeBase="C:\Repositorios\fiap-12soat-projeto-fase-3-aplicacao\src\Tests\bin\Debug\net9.0\Tests.dll" adapterTypeName="executor://xunit/VsTestRunner2/netcoreapp" className="Tests.Application.Cadastros.Veiculo.AtualizarVeiculoUseCaseTest" name="ExecutarAsync_DeveApresentarErro_QuandoVeiculoNaoExistir" />
    </UnitTest>
  </TestDefinitions>
  <TestEntries>
    <TestEntry testId="6d725b90-e666-673d-365d-9b9949f3cafa" executionId="3a40ca34-446b-4e47-bc7c-31fcb5234e67" testListId="8c84fa94-04c1-424b-9868-57a2d4851a1d" />
    <TestEntry testId="197b439e-c532-f0ef-88e5-182add7fe3b8" executionId="2ca6eb06-ef75-4fcf-b56a-51452a3e4b36" testListId="8c84fa94-04c1-424b-9868-57a2d4851a1d" />
    <TestEntry testId="d2d0901b-010b-73fe-17d6-4ffc05620ce5" executionId="e53fb03b-6846-4a4c-ab80-9b4f6bb3c1b7" testListId="8c84fa94-04c1-424b-9868-57a2d4851a1d" />
    <TestEntry testId="0ee00c79-8ee8-5ed4-ac0a-6546e2b5afaf" executionId="7d7e986c-ba7b-4346-ae8b-01698e80114e" testListId="8c84fa94-04c1-424b-9868-57a2d4851a1d" />
    <TestEntry testId="0d542148-73f2-3401-cefd-5782bb4c6255" executionId="e04448d6-c602-4821-94e9-69ad7b33aa49" testListId="8c84fa94-04c1-424b-9868-57a2d4851a1d" />
    <TestEntry testId="6c04e57d-7819-a24d-24df-5bb2f408afd1" executionId="199d1cd7-a271-4d29-80cd-a48c03d62a4c" testListId="8c84fa94-04c1-424b-9868-57a2d4851a1d" />
    <TestEntry testId="f98140e6-30b2-aaec-f863-7446febf5197" executionId="140ce5fc-1499-4c10-a3fd-6c098fe9ed4a" testListId="8c84fa94-04c1-424b-9868-57a2d4851a1d" />
    <TestEntry testId="3fd5b5ee-0a07-bd55-98dc-97ab93a51549" executionId="5bac3b4c-4a12-42f9-a865-4d6984c61e23" testListId="8c84fa94-04c1-424b-9868-57a2d4851a1d" />
  </TestEntries>
  <TestLists>
    <TestList name="Resultados que não estão em uma lista" id="8c84fa94-04c1-424b-9868-57a2d4851a1d" />
    <TestList name="Todos os resultados carregados" id="19431567-8539-422a-85d7-44ee4e166bda" />
  </TestLists>
  <ResultSummary outcome="Failed">
    <Counters total="8" executed="8" passed="6" failed="2" error="0" timeout="0" aborted="0" inconclusive="0" passedButRunAborted="0" notRunnable="0" notExecuted="0" disconnected="0" warning="0" completed="0" inProgress="0" pending="0" />
    <Output>
      <StdOut>[xUnit.net 00:00:00.00] xUnit.net VSTest Adapter v2.8.2+699d445a1a (64-bit .NET 9.0.11)&#xD;
[xUnit.net 00:00:00.51]   Discovering: Tests&#xD;
[xUnit.net 00:00:01.09]   Discovered:  Tests&#xD;
[xUnit.net 00:00:01.11]   Starting:    Tests&#xD;
     Warning:&#xD;
     The component "Fluent Assertions" is governed by the rules defined in the Xceed License Agreement and&#xD;
     the Xceed Fluent Assertions Community License. You may use Fluent Assertions free of charge for&#xD;
     non-commercial use only. An active subscription is required to use Fluent Assertions for commercial use.&#xD;
     Please contact Xceed Sales mailto:sales@xceed.com to acquire a subscription at a very low cost.&#xD;
     A paid commercial license supports the development and continued increasing support of&#xD;
     Fluent Assertions users under both commercial and community licenses. Help us&#xD;
     keep Fluent Assertions at the forefront of unit testing.&#xD;
     For more information, visit https://xceed.com/products/unit-testing/fluent-assertions/&#xD;
[xUnit.net 00:00:01.87]       Moq.MockException : &#xD;
[xUnit.net 00:00:01.87]       Expected invocation on the mock at least once, but was never performed: x =&gt; x.LogError(It.IsAny&lt;Exception&gt;(), It.IsAny&lt;string&gt;(), It.IsAny&lt;object[]&gt;())&#xD;
[xUnit.net 00:00:01.87]       &#xD;
[xUnit.net 00:00:01.87]       Performed invocations:&#xD;
[xUnit.net 00:00:01.87]       &#xD;
[xUnit.net 00:00:01.87]          Mock&lt;IAppLogger:19&gt; (x):&#xD;
[xUnit.net 00:00:01.87]       &#xD;
[xUnit.net 00:00:01.87]             IAppLogger.ComPropriedade("UseCase", "AtualizarVeiculoUseCase")  =&gt; Mock&lt;IAppLogger:20&gt;&#xD;
[xUnit.net 00:00:01.87]       &#xD;
[xUnit.net 00:00:01.87]          Mock&lt;IAppLogger:20&gt;:&#xD;
[xUnit.net 00:00:01.87]       &#xD;
[xUnit.net 00:00:01.87]             IAppLogger.ComPropriedade("UsuarioId", 04ece020-8b81-49a0-a93a-4bc2fc31c005)  =&gt; Mock&lt;IAppLogger:21&gt;&#xD;
[xUnit.net 00:00:01.87]       &#xD;
[xUnit.net 00:00:01.87]          Mock&lt;IAppLogger:21&gt;:&#xD;
[xUnit.net 00:00:01.87]       &#xD;
[xUnit.net 00:00:01.87]             IAppLogger.ComPropriedade("ClienteId", null)  =&gt; Mock&lt;IAppLogger:22&gt;&#xD;
[xUnit.net 00:00:01.87]       &#xD;
[xUnit.net 00:00:01.87]          Mock&lt;IAppLogger:22&gt;:&#xD;
[xUnit.net 00:00:01.87]       &#xD;
[xUnit.net 00:00:01.87]             IAppLogger.ComPropriedade("UsuarioRoles", ["Administrador"])  =&gt; Mock&lt;IAppLogger:23&gt;&#xD;
[xUnit.net 00:00:01.87]       &#xD;
[xUnit.net 00:00:01.87]          Mock&lt;IAppLogger:23&gt;:&#xD;
[xUnit.net 00:00:01.87]       &#xD;
[xUnit.net 00:00:01.87]             IAppLogger.LogError(System.Exception: Falha inesperada&#xD;
[xUnit.net 00:00:01.87]          at Application.Cadastros.UseCases.AtualizarVeiculoUseCase.ExecutarAsync(Ator ator, Guid id, String modelo, String marca, String cor, Int32 ano, TipoVeiculoEnum tipoVeiculo, IVeiculoGateway gateway, IAtualizarVeiculoPresenter presenter, IAppLogger logger) in C:\Repositorios\fiap-12soat-projeto-fase-3-aplicacao\src\Application\Cadastros\UseCases\Veiculo\AtualizarVeiculoUseCase.cs:line 27, "Erro interno do servidor.", [])&#xD;
[xUnit.net 00:00:01.87]       &#xD;
[xUnit.net 00:00:01.87]       Stack Trace:&#xD;
[xUnit.net 00:00:01.88]         /_/src/Moq/Mock.cs(332,0): at Moq.Mock.Verify(Mock mock, LambdaExpression expression, Times times, String failMessage)&#xD;
[xUnit.net 00:00:01.88]         /_/src/Moq/Mock`1.cs(727,0): at Moq.Mock`1.Verify(Expression`1 expression, Times times)&#xD;
[xUnit.net 00:00:01.88]         /_/src/Moq/Mock`1.cs(741,0): at Moq.Mock`1.Verify(Expression`1 expression, Func`1 times)&#xD;
[xUnit.net 00:00:01.88]         C:\Repositorios\fiap-12soat-projeto-fase-3-aplicacao\src\Tests\Application\SharedHelpers\MockLogger.cs(53,0): at Tests.Application.SharedHelpers.MockLogger.DeveTerLogadoErrorComException()&#xD;
[xUnit.net 00:00:01.88]         C:\Repositorios\fiap-12soat-projeto-fase-3-aplicacao\src\Tests\Application\Cadastros\Veiculo\AtualizarVeiculoUseCaseTest.cs(186,0): at Tests.Application.Cadastros.Veiculo.AtualizarVeiculoUseCaseTest.ExecutarAsync_DeveLogarError_QuandoExceptionGenericaForLancada()&#xD;
[xUnit.net 00:00:01.88]         --- End of stack trace from previous location ---&#xD;
[xUnit.net 00:00:01.99]       Moq.MockException : &#xD;
[xUnit.net 00:00:01.99]       Expected invocation on the mock at least once, but was never performed: x =&gt; x.LogInformation(It.IsAny&lt;string&gt;(), It.IsAny&lt;object[]&gt;())&#xD;
[xUnit.net 00:00:01.99]       &#xD;
[xUnit.net 00:00:01.99]       Performed invocations:&#xD;
[xUnit.net 00:00:01.99]       &#xD;
[xUnit.net 00:00:01.99]          Mock&lt;IAppLogger:31&gt; (x):&#xD;
[xUnit.net 00:00:01.99]       &#xD;
[xUnit.net 00:00:01.99]             IAppLogger.ComPropriedade("UseCase", "AtualizarVeiculoUseCase")  =&gt; Mock&lt;IAppLogger:32&gt;&#xD;
[xUnit.net 00:00:01.99]       &#xD;
[xUnit.net 00:00:01.99]          Mock&lt;IAppLogger:32&gt;:&#xD;
[xUnit.net 00:00:01.99]       &#xD;
[xUnit.net 00:00:01.99]             IAppLogger.ComPropriedade("UsuarioId", a813e4f4-bda3-482e-8808-698a0e9de0f4)  =&gt; Mock&lt;IAppLogger:33&gt;&#xD;
[xUnit.net 00:00:01.99]       &#xD;
[xUnit.net 00:00:01.99]          Mock&lt;IAppLogger:33&gt;:&#xD;
[xUnit.net 00:00:01.99]       &#xD;
[xUnit.net 00:00:01.99]             IAppLogger.ComPropriedade("ClienteId", null)  =&gt; Mock&lt;IAppLogger:34&gt;&#xD;
[xUnit.net 00:00:01.99]       &#xD;
[xUnit.net 00:00:01.99]          Mock&lt;IAppLogger:34&gt;:&#xD;
[xUnit.net 00:00:01.99]       &#xD;
[xUnit.net 00:00:01.99]             IAppLogger.ComPropriedade("UsuarioRoles", ["Administrador"])  =&gt; Mock&lt;IAppLogger:35&gt;&#xD;
[xUnit.net 00:00:01.99]       &#xD;
[xUnit.net 00:00:01.99]          Mock&lt;IAppLogger:35&gt;:&#xD;
[xUnit.net 00:00:01.99]       &#xD;
[xUnit.net 00:00:01.99]             IAppLogger.ComPropriedade("DomainErrorType", ErrorType.DomainRuleBroken)  =&gt; Mock&lt;IAppLogger:36&gt;&#xD;
[xUnit.net 00:00:02.00]       &#xD;
[xUnit.net 00:00:02.00]          Mock&lt;IAppLogger:36&gt;:&#xD;
[xUnit.net 00:00:02.00]       &#xD;
[xUnit.net 00:00:02.00]             IAppLogger.LogInformation("Erro de domínio", [])&#xD;
[xUnit.net 00:00:02.00]       &#xD;
[xUnit.net 00:00:02.00]       Stack Trace:&#xD;
[xUnit.net 00:00:02.00]         /_/src/Moq/Mock.cs(332,0): at Moq.Mock.Verify(Mock mock, LambdaExpression expression, Times times, String failMessage)&#xD;
[xUnit.net 00:00:02.00]         /_/src/Moq/Mock`1.cs(727,0): at Moq.Mock`1.Verify(Expression`1 expression, Times times)&#xD;
[xUnit.net 00:00:02.00]         /_/src/Moq/Mock`1.cs(741,0): at Moq.Mock`1.Verify(Expression`1 expression, Func`1 times)&#xD;
[xUnit.net 00:00:02.00]         C:\Repositorios\fiap-12soat-projeto-fase-3-aplicacao\src\Tests\Application\SharedHelpers\MockLogger.cs(38,0): at Tests.Application.SharedHelpers.MockLogger.DeveTerLogadoInformation()&#xD;
[xUnit.net 00:00:02.00]         C:\Repositorios\fiap-12soat-projeto-fase-3-aplicacao\src\Tests\Application\Cadastros\Veiculo\AtualizarVeiculoUseCaseTest.cs(165,0): at Tests.Application.Cadastros.Veiculo.AtualizarVeiculoUseCaseTest.ExecutarAsync_DeveLogarInformation_QuandoDomainExceptionForLancada()&#xD;
[xUnit.net 00:00:02.00]         --- End of stack trace from previous location ---&#xD;
[xUnit.net 00:00:02.01]   Finished:    Tests&#xD;
</StdOut>
    </Output>
    <RunInfos>
      <RunInfo computerName="DESKTOP-1MEPQV3" outcome="Error" timestamp="2025-12-11T00:20:40.2137122-03:00">
        <Text>[xUnit.net 00:00:01.87]     Deve logar error quando Exception genérica for lançada [FAIL]</Text>
      </RunInfo>
      <RunInfo computerName="DESKTOP-1MEPQV3" outcome="Error" timestamp="2025-12-11T00:20:40.3363303-03:00">
        <Text>[xUnit.net 00:00:01.99]     Deve logar information quando DomainException for lançada [FAIL]</Text>
      </RunInfo>
    </RunInfos>
  </ResultSummary>
</TestRun>